// Jest Snapshot v1, https://goo.gl/fbAQLP

exports[`should correctly render loading page 1`] = `
<div
  className="loader"
>
  <img
    alt="Loading"
    className="loader__img"
    src="/images/loader.gif"
  />
</div>
`;
